// Jest Snapshot v1, https://goo.gl/fbAQLP

exports[`CleanCart component renders CleanCart component correctly 1`] = `ShallowWrapper {}`;
