// Jest Snapshot v1, https://goo.gl/fbAQLP

exports[`BuyProducts component renders BuyProducts component correctly 1`] = `ShallowWrapper {}`;
