// Jest Snapshot v1, https://goo.gl/fbAQLP

exports[`BuyProductItem component renders BuyProductItem component correctly 1`] = `ShallowWrapper {}`;
