// Jest Snapshot v1, https://goo.gl/fbAQLP

exports[`AddProducts component renders AddProducts component correctly 1`] = `ShallowWrapper {}`;
