// Jest Snapshot v1, https://goo.gl/fbAQLP

exports[`Layout component does not render loading when state.loading is true 1`] = `ReactWrapper {}`;
